Copyright 1986-2022 Xilinx, Inc. All Rights Reserved. Copyright 2022-2025 Advanced Micro Devices, Inc. All Rights Reserved.
---------------------------------------------------------------------------------------------------------------------------------------------
| Tool Version : Vivado v.2024.2.2 (win64) Build 6060944 Thu Mar 06 19:10:01 MST 2025
| Date         : Sun Apr 26 00:05:48 2026
| Host         : HOANGTUAN running 64-bit major release  (build 9200)
| Command      : upgrade_ip
| Device       : xc7z020clg400-1
---------------------------------------------------------------------------------------------------------------------------------------------

Upgrade Log for IP 'YK71_Tracker_AXI_0'

1. Summary
----------

SUCCESS in the upgrade of YK71_Tracker_AXI_0 (xilinx.com:user:YK71_Tracker_AXI:1.0) from (Rev. 26) to (Rev. 27)






Copyright 1986-2022 Xilinx, Inc. All Rights Reserved. Copyright 2022-2025 Advanced Micro Devices, Inc. All Rights Reserved.
---------------------------------------------------------------------------------------------------------------------------------------------
| Tool Version : Vivado v.2024.2.2 (win64) Build 6060944 Thu Mar 06 19:10:01 MST 2025
| Date         : Sun Apr 26 00:05:47 2026
| Host         : HOANGTUAN running 64-bit major release  (build 9200)
| Command      : upgrade_ip
| Device       : xc7z020clg400-1
---------------------------------------------------------------------------------------------------------------------------------------------

Upgrade Log for IP 'DB_YK71_Tracker_AXI_0_0'

1. Summary
----------

SUCCESS in the upgrade of DB_YK71_Tracker_AXI_0_0 (xilinx.com:user:YK71_Tracker_AXI:1.0) from (Rev. 26) to (Rev. 27)






Copyright 1986-2022 Xilinx, Inc. All Rights Reserved. Copyright 2022-2025 Advanced Micro Devices, Inc. All Rights Reserved.
---------------------------------------------------------------------------------------------------------------------------------------------
| Tool Version : Vivado v.2024.2.2 (win64) Build 6060944 Thu Mar 06 19:10:01 MST 2025
| Date         : Sat Apr 25 23:49:34 2026
| Host         : HOANGTUAN running 64-bit major release  (build 9200)
| Command      : upgrade_ip
| Device       : xc7z020clg400-1
---------------------------------------------------------------------------------------------------------------------------------------------

Upgrade Log for IP 'YK71_Tracker_AXI_0'

1. Summary
----------

SUCCESS in the upgrade of YK71_Tracker_AXI_0 (xilinx.com:user:YK71_Tracker_AXI:1.0) from (Rev. 25) to (Rev. 26)






Copyright 1986-2022 Xilinx, Inc. All Rights Reserved. Copyright 2022-2025 Advanced Micro Devices, Inc. All Rights Reserved.
---------------------------------------------------------------------------------------------------------------------------------------------
| Tool Version : Vivado v.2024.2.2 (win64) Build 6060944 Thu Mar 06 19:10:01 MST 2025
| Date         : Sat Apr 25 23:49:33 2026
| Host         : HOANGTUAN running 64-bit major release  (build 9200)
| Command      : upgrade_ip
| Device       : xc7z020clg400-1
---------------------------------------------------------------------------------------------------------------------------------------------

Upgrade Log for IP 'DB_YK71_Tracker_AXI_0_0'

1. Summary
----------

SUCCESS in the upgrade of DB_YK71_Tracker_AXI_0_0 (xilinx.com:user:YK71_Tracker_AXI:1.0) from (Rev. 25) to (Rev. 26)






Copyright 1986-2022 Xilinx, Inc. All Rights Reserved. Copyright 2022-2025 Advanced Micro Devices, Inc. All Rights Reserved.
---------------------------------------------------------------------------------------------------------------------------------------------
| Tool Version : Vivado v.2024.2.2 (win64) Build 6060944 Thu Mar 06 19:10:01 MST 2025
| Date         : Sat Apr 25 23:32:11 2026
| Host         : HOANGTUAN running 64-bit major release  (build 9200)
| Command      : upgrade_ip
| Device       : xc7z020clg400-1
---------------------------------------------------------------------------------------------------------------------------------------------

Upgrade Log for IP 'YK71_Tracker_AXI_0'

1. Summary
----------

SUCCESS in the upgrade of YK71_Tracker_AXI_0 (xilinx.com:user:YK71_Tracker_AXI:1.0) from (Rev. 24) to (Rev. 25)






Copyright 1986-2022 Xilinx, Inc. All Rights Reserved. Copyright 2022-2025 Advanced Micro Devices, Inc. All Rights Reserved.
---------------------------------------------------------------------------------------------------------------------------------------------
| Tool Version : Vivado v.2024.2.2 (win64) Build 6060944 Thu Mar 06 19:10:01 MST 2025
| Date         : Sat Apr 25 23:32:10 2026
| Host         : HOANGTUAN running 64-bit major release  (build 9200)
| Command      : upgrade_ip
| Device       : xc7z020clg400-1
---------------------------------------------------------------------------------------------------------------------------------------------

Upgrade Log for IP 'DB_YK71_Tracker_AXI_0_0'

1. Summary
----------

SUCCESS in the upgrade of DB_YK71_Tracker_AXI_0_0 (xilinx.com:user:YK71_Tracker_AXI:1.0) from (Rev. 24) to (Rev. 25)






Copyright 1986-2022 Xilinx, Inc. All Rights Reserved. Copyright 2022-2025 Advanced Micro Devices, Inc. All Rights Reserved.
---------------------------------------------------------------------------------------------------------------------------------------------
| Tool Version : Vivado v.2024.2.2 (win64) Build 6060944 Thu Mar 06 19:10:01 MST 2025
| Date         : Fri Apr 24 14:13:32 2026
| Host         : HOANGTUAN running 64-bit major release  (build 9200)
| Command      : upgrade_ip
| Device       : xc7z020clg400-1
---------------------------------------------------------------------------------------------------------------------------------------------

Upgrade Log for IP 'YK71_Tracker_AXI_0'

1. Summary
----------

SUCCESS in the upgrade of YK71_Tracker_AXI_0 (xilinx.com:user:YK71_Tracker_AXI:1.0) from (Rev. 23) to (Rev. 24)






Copyright 1986-2022 Xilinx, Inc. All Rights Reserved. Copyright 2022-2025 Advanced Micro Devices, Inc. All Rights Reserved.
---------------------------------------------------------------------------------------------------------------------------------------------
| Tool Version : Vivado v.2024.2.2 (win64) Build 6060944 Thu Mar 06 19:10:01 MST 2025
| Date         : Fri Apr 24 14:13:31 2026
| Host         : HOANGTUAN running 64-bit major release  (build 9200)
| Command      : upgrade_ip
| Device       : xc7z020clg400-1
---------------------------------------------------------------------------------------------------------------------------------------------

Upgrade Log for IP 'DB_YK71_Tracker_AXI_0_0'

1. Summary
----------

SUCCESS in the upgrade of DB_YK71_Tracker_AXI_0_0 (xilinx.com:user:YK71_Tracker_AXI:1.0) from (Rev. 23) to (Rev. 24)






Copyright 1986-2022 Xilinx, Inc. All Rights Reserved. Copyright 2022-2025 Advanced Micro Devices, Inc. All Rights Reserved.
---------------------------------------------------------------------------------------------------------------------------------------------
| Tool Version : Vivado v.2024.2.2 (win64) Build 6060944 Thu Mar 06 19:10:01 MST 2025
| Date         : Fri Apr 24 13:54:41 2026
| Host         : HOANGTUAN running 64-bit major release  (build 9200)
| Command      : upgrade_ip
| Device       : xc7z020clg400-1
---------------------------------------------------------------------------------------------------------------------------------------------

Upgrade Log for IP 'DB_YK71_Tracker_AXI_0_0'

1. Summary
----------

SUCCESS in the upgrade of DB_YK71_Tracker_AXI_0_0 (xilinx.com:user:YK71_Tracker_AXI:1.0) from (Rev. 22) to (Rev. 23)






Copyright 1986-2022 Xilinx, Inc. All Rights Reserved. Copyright 2022-2025 Advanced Micro Devices, Inc. All Rights Reserved.
---------------------------------------------------------------------------------------------------------------------------------------------
| Tool Version : Vivado v.2024.2.2 (win64) Build 6060944 Thu Mar 06 19:10:01 MST 2025
| Date         : Fri Apr 24 13:54:29 2026
| Host         : HOANGTUAN running 64-bit major release  (build 9200)
| Command      : upgrade_ip
| Device       : xc7z020clg400-1
---------------------------------------------------------------------------------------------------------------------------------------------

Upgrade Log for IP 'YK71_Tracker_AXI_0'

1. Summary
----------

SUCCESS in the upgrade of YK71_Tracker_AXI_0 (xilinx.com:user:YK71_Tracker_AXI:1.0) from (Rev. 22) to (Rev. 23)






Copyright 1986-2022 Xilinx, Inc. All Rights Reserved. Copyright 2022-2025 Advanced Micro Devices, Inc. All Rights Reserved.
---------------------------------------------------------------------------------------------------------------------------------------------
| Tool Version : Vivado v.2024.2.2 (win64) Build 6060944 Thu Mar 06 19:10:01 MST 2025
| Date         : Fri Apr 24 13:41:20 2026
| Host         : HOANGTUAN running 64-bit major release  (build 9200)
| Command      : upgrade_ip
| Device       : xc7z020clg400-1
---------------------------------------------------------------------------------------------------------------------------------------------

Upgrade Log for IP 'DB_YK71_Tracker_AXI_0_0'

1. Summary
----------

SUCCESS in the upgrade of DB_YK71_Tracker_AXI_0_0 (xilinx.com:user:YK71_Tracker_AXI:1.0) from (Rev. 21) to (Rev. 22)






Copyright 1986-2022 Xilinx, Inc. All Rights Reserved. Copyright 2022-2025 Advanced Micro Devices, Inc. All Rights Reserved.
---------------------------------------------------------------------------------------------------------------------------------------------
| Tool Version : Vivado v.2024.2.2 (win64) Build 6060944 Thu Mar 06 19:10:01 MST 2025
| Date         : Fri Apr 24 13:40:58 2026
| Host         : HOANGTUAN running 64-bit major release  (build 9200)
| Command      : upgrade_ip
| Device       : xc7z020clg400-1
---------------------------------------------------------------------------------------------------------------------------------------------

Upgrade Log for IP 'YK71_Tracker_AXI_0'

1. Summary
----------

SUCCESS in the upgrade of YK71_Tracker_AXI_0 (xilinx.com:user:YK71_Tracker_AXI:1.0) from (Rev. 21) to (Rev. 22)






Copyright 1986-2022 Xilinx, Inc. All Rights Reserved. Copyright 2022-2025 Advanced Micro Devices, Inc. All Rights Reserved.
---------------------------------------------------------------------------------------------------------------------------------------------
| Tool Version : Vivado v.2024.2.2 (win64) Build 6060944 Thu Mar 06 19:10:01 MST 2025
| Date         : Fri Apr 24 10:52:36 2026
| Host         : HOANGTUAN running 64-bit major release  (build 9200)
| Command      : upgrade_ip
| Device       : xc7z020clg400-1
---------------------------------------------------------------------------------------------------------------------------------------------

Upgrade Log for IP 'YK71_Tracker_AXI_0'

1. Summary
----------

SUCCESS in the upgrade of YK71_Tracker_AXI_0 (xilinx.com:user:YK71_Tracker_AXI:1.0) from (Rev. 20) to (Rev. 21)






Copyright 1986-2022 Xilinx, Inc. All Rights Reserved. Copyright 2022-2025 Advanced Micro Devices, Inc. All Rights Reserved.
---------------------------------------------------------------------------------------------------------------------------------------------
| Tool Version : Vivado v.2024.2.2 (win64) Build 6060944 Thu Mar 06 19:10:01 MST 2025
| Date         : Fri Apr 24 10:52:35 2026
| Host         : HOANGTUAN running 64-bit major release  (build 9200)
| Command      : upgrade_ip
| Device       : xc7z020clg400-1
---------------------------------------------------------------------------------------------------------------------------------------------

Upgrade Log for IP 'DB_YK71_Tracker_AXI_0_0'

1. Summary
----------

SUCCESS in the upgrade of DB_YK71_Tracker_AXI_0_0 (xilinx.com:user:YK71_Tracker_AXI:1.0) from (Rev. 20) to (Rev. 21)






Copyright 1986-2022 Xilinx, Inc. All Rights Reserved. Copyright 2022-2025 Advanced Micro Devices, Inc. All Rights Reserved.
---------------------------------------------------------------------------------------------------------------------------------------------
| Tool Version : Vivado v.2024.2.2 (win64) Build 6060944 Thu Mar 06 19:10:01 MST 2025
| Date         : Fri Apr 24 10:50:26 2026
| Host         : HOANGTUAN running 64-bit major release  (build 9200)
| Command      : upgrade_ip
| Device       : xc7z020clg400-1
---------------------------------------------------------------------------------------------------------------------------------------------

Upgrade Log for IP 'YK71_Tracker_AXI_0'

1. Summary
----------

SUCCESS in the upgrade of YK71_Tracker_AXI_0 (xilinx.com:user:YK71_Tracker_AXI:1.0) from (Rev. 19) to (Rev. 20)






Copyright 1986-2022 Xilinx, Inc. All Rights Reserved. Copyright 2022-2025 Advanced Micro Devices, Inc. All Rights Reserved.
---------------------------------------------------------------------------------------------------------------------------------------------
| Tool Version : Vivado v.2024.2.2 (win64) Build 6060944 Thu Mar 06 19:10:01 MST 2025
| Date         : Fri Apr 24 10:50:26 2026
| Host         : HOANGTUAN running 64-bit major release  (build 9200)
| Command      : upgrade_ip
| Device       : xc7z020clg400-1
---------------------------------------------------------------------------------------------------------------------------------------------

Upgrade Log for IP 'DB_YK71_Tracker_AXI_0_0'

1. Summary
----------

SUCCESS in the upgrade of DB_YK71_Tracker_AXI_0_0 (xilinx.com:user:YK71_Tracker_AXI:1.0) from (Rev. 19) to (Rev. 20)






Copyright 1986-2022 Xilinx, Inc. All Rights Reserved. Copyright 2022-2025 Advanced Micro Devices, Inc. All Rights Reserved.
---------------------------------------------------------------------------------------------------------------------------------------------
| Tool Version : Vivado v.2024.2.2 (win64) Build 6060944 Thu Mar 06 19:10:01 MST 2025
| Date         : Fri Apr 24 10:44:57 2026
| Host         : HOANGTUAN running 64-bit major release  (build 9200)
| Command      : upgrade_ip
| Device       : xc7z020clg400-1
---------------------------------------------------------------------------------------------------------------------------------------------

Upgrade Log for IP 'YK71_Tracker_AXI_0'

1. Summary
----------

SUCCESS in the upgrade of YK71_Tracker_AXI_0 (xilinx.com:user:YK71_Tracker_AXI:1.0) from (Rev. 18) to (Rev. 19)






Copyright 1986-2022 Xilinx, Inc. All Rights Reserved. Copyright 2022-2025 Advanced Micro Devices, Inc. All Rights Reserved.
---------------------------------------------------------------------------------------------------------------------------------------------
| Tool Version : Vivado v.2024.2.2 (win64) Build 6060944 Thu Mar 06 19:10:01 MST 2025
| Date         : Fri Apr 24 10:44:56 2026
| Host         : HOANGTUAN running 64-bit major release  (build 9200)
| Command      : upgrade_ip
| Device       : xc7z020clg400-1
---------------------------------------------------------------------------------------------------------------------------------------------

Upgrade Log for IP 'DB_YK71_Tracker_AXI_0_0'

1. Summary
----------

SUCCESS in the upgrade of DB_YK71_Tracker_AXI_0_0 (xilinx.com:user:YK71_Tracker_AXI:1.0) from (Rev. 18) to (Rev. 19)






Copyright 1986-2022 Xilinx, Inc. All Rights Reserved. Copyright 2022-2025 Advanced Micro Devices, Inc. All Rights Reserved.
---------------------------------------------------------------------------------------------------------------------------------------------
| Tool Version : Vivado v.2024.2.2 (win64) Build 6060944 Thu Mar 06 19:10:01 MST 2025
| Date         : Fri Apr 24 10:41:51 2026
| Host         : HOANGTUAN running 64-bit major release  (build 9200)
| Command      : upgrade_ip
| Device       : xc7z020clg400-1
---------------------------------------------------------------------------------------------------------------------------------------------

Upgrade Log for IP 'YK71_Tracker_AXI_0'

1. Summary
----------

SUCCESS in the upgrade of YK71_Tracker_AXI_0 (xilinx.com:user:YK71_Tracker_AXI:1.0) from (Rev. 17) to (Rev. 18)






Copyright 1986-2022 Xilinx, Inc. All Rights Reserved. Copyright 2022-2025 Advanced Micro Devices, Inc. All Rights Reserved.
---------------------------------------------------------------------------------------------------------------------------------------------
| Tool Version : Vivado v.2024.2.2 (win64) Build 6060944 Thu Mar 06 19:10:01 MST 2025
| Date         : Fri Apr 24 10:41:50 2026
| Host         : HOANGTUAN running 64-bit major release  (build 9200)
| Command      : upgrade_ip
| Device       : xc7z020clg400-1
---------------------------------------------------------------------------------------------------------------------------------------------

Upgrade Log for IP 'DB_YK71_Tracker_AXI_0_0'

1. Summary
----------

SUCCESS in the upgrade of DB_YK71_Tracker_AXI_0_0 (xilinx.com:user:YK71_Tracker_AXI:1.0) from (Rev. 17) to (Rev. 18)






Copyright 1986-2022 Xilinx, Inc. All Rights Reserved. Copyright 2022-2025 Advanced Micro Devices, Inc. All Rights Reserved.
---------------------------------------------------------------------------------------------------------------------------------------------
| Tool Version : Vivado v.2024.2.2 (win64) Build 6060944 Thu Mar 06 19:10:01 MST 2025
| Date         : Fri Apr 24 10:40:18 2026
| Host         : HOANGTUAN running 64-bit major release  (build 9200)
| Command      : upgrade_ip
| Device       : xc7z020clg400-1
---------------------------------------------------------------------------------------------------------------------------------------------

Upgrade Log for IP 'YK71_Tracker_AXI_0'

1. Summary
----------

SUCCESS in the upgrade of YK71_Tracker_AXI_0 (xilinx.com:user:YK71_Tracker_AXI:1.0) from (Rev. 16) to (Rev. 17)






Copyright 1986-2022 Xilinx, Inc. All Rights Reserved. Copyright 2022-2025 Advanced Micro Devices, Inc. All Rights Reserved.
---------------------------------------------------------------------------------------------------------------------------------------------
| Tool Version : Vivado v.2024.2.2 (win64) Build 6060944 Thu Mar 06 19:10:01 MST 2025
| Date         : Fri Apr 24 10:40:18 2026
| Host         : HOANGTUAN running 64-bit major release  (build 9200)
| Command      : upgrade_ip
| Device       : xc7z020clg400-1
---------------------------------------------------------------------------------------------------------------------------------------------

Upgrade Log for IP 'DB_YK71_Tracker_AXI_0_0'

1. Summary
----------

SUCCESS in the upgrade of DB_YK71_Tracker_AXI_0_0 (xilinx.com:user:YK71_Tracker_AXI:1.0) from (Rev. 16) to (Rev. 17)






Copyright 1986-2022 Xilinx, Inc. All Rights Reserved. Copyright 2022-2025 Advanced Micro Devices, Inc. All Rights Reserved.
---------------------------------------------------------------------------------------------------------------------------------------------
| Tool Version : Vivado v.2024.2.2 (win64) Build 6060944 Thu Mar 06 19:10:01 MST 2025
| Date         : Fri Apr 24 10:19:54 2026
| Host         : HOANGTUAN running 64-bit major release  (build 9200)
| Command      : upgrade_ip
| Device       : xc7z020clg400-1
---------------------------------------------------------------------------------------------------------------------------------------------

Upgrade Log for IP 'YK71_Tracker_AXI_0'

1. Summary
----------

SUCCESS in the upgrade of YK71_Tracker_AXI_0 (xilinx.com:user:YK71_Tracker_AXI:1.0) from (Rev. 15) to (Rev. 16)






Copyright 1986-2022 Xilinx, Inc. All Rights Reserved. Copyright 2022-2025 Advanced Micro Devices, Inc. All Rights Reserved.
---------------------------------------------------------------------------------------------------------------------------------------------
| Tool Version : Vivado v.2024.2.2 (win64) Build 6060944 Thu Mar 06 19:10:01 MST 2025
| Date         : Fri Apr 24 10:19:54 2026
| Host         : HOANGTUAN running 64-bit major release  (build 9200)
| Command      : upgrade_ip
| Device       : xc7z020clg400-1
---------------------------------------------------------------------------------------------------------------------------------------------

Upgrade Log for IP 'DB_YK71_Tracker_AXI_0_0'

1. Summary
----------

SUCCESS in the upgrade of DB_YK71_Tracker_AXI_0_0 (xilinx.com:user:YK71_Tracker_AXI:1.0) from (Rev. 15) to (Rev. 16)






Copyright 1986-2022 Xilinx, Inc. All Rights Reserved. Copyright 2022-2025 Advanced Micro Devices, Inc. All Rights Reserved.
---------------------------------------------------------------------------------------------------------------------------------------------
| Tool Version : Vivado v.2024.2.2 (win64) Build 6060944 Thu Mar 06 19:10:01 MST 2025
| Date         : Fri Apr 24 09:22:09 2026
| Host         : HOANGTUAN running 64-bit major release  (build 9200)
| Command      : upgrade_ip
| Device       : xc7z020clg400-1
---------------------------------------------------------------------------------------------------------------------------------------------

Upgrade Log for IP 'YK71_Tracker_AXI_0'

1. Summary
----------

SUCCESS in the upgrade of YK71_Tracker_AXI_0 (xilinx.com:user:YK71_Tracker_AXI:1.0) from (Rev. 14) to (Rev. 15)






Copyright 1986-2022 Xilinx, Inc. All Rights Reserved. Copyright 2022-2025 Advanced Micro Devices, Inc. All Rights Reserved.
---------------------------------------------------------------------------------------------------------------------------------------------
| Tool Version : Vivado v.2024.2.2 (win64) Build 6060944 Thu Mar 06 19:10:01 MST 2025
| Date         : Fri Apr 24 09:22:08 2026
| Host         : HOANGTUAN running 64-bit major release  (build 9200)
| Command      : upgrade_ip
| Device       : xc7z020clg400-1
---------------------------------------------------------------------------------------------------------------------------------------------

Upgrade Log for IP 'DB_YK71_Tracker_AXI_0_0'

1. Summary
----------

SUCCESS in the upgrade of DB_YK71_Tracker_AXI_0_0 (xilinx.com:user:YK71_Tracker_AXI:1.0) from (Rev. 14) to (Rev. 15)






Copyright 1986-2022 Xilinx, Inc. All Rights Reserved. Copyright 2022-2025 Advanced Micro Devices, Inc. All Rights Reserved.
---------------------------------------------------------------------------------------------------------------------------------------------
| Tool Version : Vivado v.2024.2.2 (win64) Build 6060944 Thu Mar 06 19:10:01 MST 2025
| Date         : Fri Apr 24 09:04:21 2026
| Host         : HOANGTUAN running 64-bit major release  (build 9200)
| Command      : upgrade_ip
| Device       : xc7z020clg400-1
---------------------------------------------------------------------------------------------------------------------------------------------

Upgrade Log for IP 'DB_YK71_Tracker_AXI_0_0'

1. Summary
----------

SUCCESS in the upgrade of DB_YK71_Tracker_AXI_0_0 (xilinx.com:user:YK71_Tracker_AXI:1.0) from (Rev. 13) to (Rev. 14)






Copyright 1986-2022 Xilinx, Inc. All Rights Reserved. Copyright 2022-2025 Advanced Micro Devices, Inc. All Rights Reserved.
---------------------------------------------------------------------------------------------------------------------------------------------
| Tool Version : Vivado v.2024.2.2 (win64) Build 6060944 Thu Mar 06 19:10:01 MST 2025
| Date         : Fri Apr 24 09:02:19 2026
| Host         : HOANGTUAN running 64-bit major release  (build 9200)
| Command      : upgrade_ip
| Device       : xc7z020clg400-1
---------------------------------------------------------------------------------------------------------------------------------------------

Upgrade Log for IP 'YK71_Tracker_AXI_0'

1. Summary
----------

SUCCESS in the upgrade of YK71_Tracker_AXI_0 (xilinx.com:user:YK71_Tracker_AXI:1.0) from (Rev. 13) to (Rev. 14)






Copyright 1986-2022 Xilinx, Inc. All Rights Reserved. Copyright 2022-2025 Advanced Micro Devices, Inc. All Rights Reserved.
---------------------------------------------------------------------------------------------------------------------------------------------
| Tool Version : Vivado v.2024.2.2 (win64) Build 6060944 Thu Mar 06 19:10:01 MST 2025
| Date         : Fri Apr 24 08:46:50 2026
| Host         : HOANGTUAN running 64-bit major release  (build 9200)
| Command      : upgrade_ip
| Device       : xc7z020clg400-1
---------------------------------------------------------------------------------------------------------------------------------------------

Upgrade Log for IP 'YK71_Tracker_AXI_0'

1. Summary
----------

SUCCESS in the upgrade of YK71_Tracker_AXI_0 (xilinx.com:user:YK71_Tracker_AXI:1.0) from (Rev. 12) to (Rev. 13)






Copyright 1986-2022 Xilinx, Inc. All Rights Reserved. Copyright 2022-2025 Advanced Micro Devices, Inc. All Rights Reserved.
---------------------------------------------------------------------------------------------------------------------------------------------
| Tool Version : Vivado v.2024.2.2 (win64) Build 6060944 Thu Mar 06 19:10:01 MST 2025
| Date         : Fri Apr 24 08:46:50 2026
| Host         : HOANGTUAN running 64-bit major release  (build 9200)
| Command      : upgrade_ip
| Device       : xc7z020clg400-1
---------------------------------------------------------------------------------------------------------------------------------------------

Upgrade Log for IP 'DB_YK71_Tracker_AXI_0_0'

1. Summary
----------

SUCCESS in the upgrade of DB_YK71_Tracker_AXI_0_0 (xilinx.com:user:YK71_Tracker_AXI:1.0) from (Rev. 12) to (Rev. 13)






Copyright 1986-2022 Xilinx, Inc. All Rights Reserved. Copyright 2022-2025 Advanced Micro Devices, Inc. All Rights Reserved.
---------------------------------------------------------------------------------------------------------------------------------------------
| Tool Version : Vivado v.2024.2.2 (win64) Build 6060944 Thu Mar 06 19:10:01 MST 2025
| Date         : Fri Apr 24 08:32:07 2026
| Host         : HOANGTUAN running 64-bit major release  (build 9200)
| Command      : upgrade_ip
| Device       : xc7z020clg400-1
---------------------------------------------------------------------------------------------------------------------------------------------

Upgrade Log for IP 'YK71_Tracker_AXI_0'

1. Summary
----------

SUCCESS in the upgrade of YK71_Tracker_AXI_0 (xilinx.com:user:YK71_Tracker_AXI:1.0) from (Rev. 11) to (Rev. 12)






Copyright 1986-2022 Xilinx, Inc. All Rights Reserved. Copyright 2022-2025 Advanced Micro Devices, Inc. All Rights Reserved.
---------------------------------------------------------------------------------------------------------------------------------------------
| Tool Version : Vivado v.2024.2.2 (win64) Build 6060944 Thu Mar 06 19:10:01 MST 2025
| Date         : Fri Apr 24 08:32:07 2026
| Host         : HOANGTUAN running 64-bit major release  (build 9200)
| Command      : upgrade_ip
| Device       : xc7z020clg400-1
---------------------------------------------------------------------------------------------------------------------------------------------

Upgrade Log for IP 'DB_YK71_Tracker_AXI_0_0'

1. Summary
----------

SUCCESS in the upgrade of DB_YK71_Tracker_AXI_0_0 (xilinx.com:user:YK71_Tracker_AXI:1.0) from (Rev. 11) to (Rev. 12)






Copyright 1986-2022 Xilinx, Inc. All Rights Reserved. Copyright 2022-2025 Advanced Micro Devices, Inc. All Rights Reserved.
---------------------------------------------------------------------------------------------------------------------------------------------
| Tool Version : Vivado v.2024.2.2 (win64) Build 6060944 Thu Mar 06 19:10:01 MST 2025
| Date         : Fri Apr 24 08:29:34 2026
| Host         : HOANGTUAN running 64-bit major release  (build 9200)
| Command      : upgrade_ip
| Device       : xc7z020clg400-1
---------------------------------------------------------------------------------------------------------------------------------------------

Upgrade Log for IP 'YK71_Tracker_AXI_0'

1. Summary
----------

SUCCESS in the update of YK71_Tracker_AXI_0 (xilinx.com:user:YK71_Tracker_AXI:1.0 (Rev. 11)) to current project options.






Copyright 1986-2022 Xilinx, Inc. All Rights Reserved. Copyright 2022-2025 Advanced Micro Devices, Inc. All Rights Reserved.
---------------------------------------------------------------------------------------------------------------------------------------------
| Tool Version : Vivado v.2024.2.2 (win64) Build 6060944 Thu Mar 06 19:10:01 MST 2025
| Date         : Fri Apr 24 08:29:33 2026
| Host         : HOANGTUAN running 64-bit major release  (build 9200)
| Command      : upgrade_ip
| Device       : xc7z020clg400-1
---------------------------------------------------------------------------------------------------------------------------------------------

Upgrade Log for IP 'DB_YK71_Tracker_AXI_0_0'

1. Summary
----------

SUCCESS in the update of DB_YK71_Tracker_AXI_0_0 (xilinx.com:user:YK71_Tracker_AXI:1.0 (Rev. 11)) to current project options.






Copyright 1986-2022 Xilinx, Inc. All Rights Reserved. Copyright 2022-2025 Advanced Micro Devices, Inc. All Rights Reserved.
---------------------------------------------------------------------------------------------------------------------------------------------
| Tool Version : Vivado v.2024.2.2 (win64) Build 6060944 Thu Mar 06 19:10:01 MST 2025
| Date         : Fri Apr 24 08:29:27 2026
| Host         : HOANGTUAN running 64-bit major release  (build 9200)
| Command      : upgrade_ip
| Device       : xc7z020clg400-1
---------------------------------------------------------------------------------------------------------------------------------------------

Upgrade Log for IP 'YK71_Tracker_AXI_0'

1. Summary
----------

SUCCESS in the upgrade of YK71_Tracker_AXI_0 (xilinx.com:user:YK71_Tracker_AXI:1.0) from (Rev. 10) to (Rev. 11)






Copyright 1986-2022 Xilinx, Inc. All Rights Reserved. Copyright 2022-2025 Advanced Micro Devices, Inc. All Rights Reserved.
---------------------------------------------------------------------------------------------------------------------------------------------
| Tool Version : Vivado v.2024.2.2 (win64) Build 6060944 Thu Mar 06 19:10:01 MST 2025
| Date         : Fri Apr 24 08:29:26 2026
| Host         : HOANGTUAN running 64-bit major release  (build 9200)
| Command      : upgrade_ip
| Device       : xc7z020clg400-1
---------------------------------------------------------------------------------------------------------------------------------------------

Upgrade Log for IP 'DB_YK71_Tracker_AXI_0_0'

1. Summary
----------

SUCCESS in the upgrade of DB_YK71_Tracker_AXI_0_0 (xilinx.com:user:YK71_Tracker_AXI:1.0) from (Rev. 10) to (Rev. 11)






Copyright 1986-2022 Xilinx, Inc. All Rights Reserved. Copyright 2022-2025 Advanced Micro Devices, Inc. All Rights Reserved.
---------------------------------------------------------------------------------------------------------------------------------------------
| Tool Version : Vivado v.2024.2.2 (win64) Build 6060944 Thu Mar 06 19:10:01 MST 2025
| Date         : Fri Apr 24 08:24:27 2026
| Host         : HOANGTUAN running 64-bit major release  (build 9200)
| Command      : upgrade_ip
| Device       : xc7z020clg400-1
---------------------------------------------------------------------------------------------------------------------------------------------

Upgrade Log for IP 'YK71_Tracker_AXI_0'

1. Summary
----------

SUCCESS in the upgrade of YK71_Tracker_AXI_0 (xilinx.com:user:YK71_Tracker_AXI:1.0) from (Rev. 9) to (Rev. 10)






Copyright 1986-2022 Xilinx, Inc. All Rights Reserved. Copyright 2022-2025 Advanced Micro Devices, Inc. All Rights Reserved.
---------------------------------------------------------------------------------------------------------------------------------------------
| Tool Version : Vivado v.2024.2.2 (win64) Build 6060944 Thu Mar 06 19:10:01 MST 2025
| Date         : Fri Apr 24 08:24:26 2026
| Host         : HOANGTUAN running 64-bit major release  (build 9200)
| Command      : upgrade_ip
| Device       : xc7z020clg400-1
---------------------------------------------------------------------------------------------------------------------------------------------

Upgrade Log for IP 'DB_YK71_Tracker_AXI_0_0'

1. Summary
----------

SUCCESS in the upgrade of DB_YK71_Tracker_AXI_0_0 (xilinx.com:user:YK71_Tracker_AXI:1.0) from (Rev. 9) to (Rev. 10)






Copyright 1986-2022 Xilinx, Inc. All Rights Reserved. Copyright 2022-2025 Advanced Micro Devices, Inc. All Rights Reserved.
---------------------------------------------------------------------------------------------------------------------------------------------
| Tool Version : Vivado v.2024.2.2 (win64) Build 6060944 Thu Mar 06 19:10:01 MST 2025
| Date         : Fri Apr 24 07:32:39 2026
| Host         : HOANGTUAN running 64-bit major release  (build 9200)
| Command      : upgrade_ip
| Device       : xc7z020clg400-1
---------------------------------------------------------------------------------------------------------------------------------------------

Upgrade Log for IP 'YK71_Tracker_AXI_0'

1. Summary
----------

SUCCESS in the upgrade of YK71_Tracker_AXI_0 (xilinx.com:user:YK71_Tracker_AXI:1.0) from (Rev. 8) to (Rev. 9)






Copyright 1986-2022 Xilinx, Inc. All Rights Reserved. Copyright 2022-2025 Advanced Micro Devices, Inc. All Rights Reserved.
---------------------------------------------------------------------------------------------------------------------------------------------
| Tool Version : Vivado v.2024.2.2 (win64) Build 6060944 Thu Mar 06 19:10:01 MST 2025
| Date         : Fri Apr 24 07:32:39 2026
| Host         : HOANGTUAN running 64-bit major release  (build 9200)
| Command      : upgrade_ip
| Device       : xc7z020clg400-1
---------------------------------------------------------------------------------------------------------------------------------------------

Upgrade Log for IP 'DB_YK71_Tracker_AXI_0_0'

1. Summary
----------

SUCCESS in the upgrade of DB_YK71_Tracker_AXI_0_0 (xilinx.com:user:YK71_Tracker_AXI:1.0) from (Rev. 8) to (Rev. 9)






Copyright 1986-2022 Xilinx, Inc. All Rights Reserved. Copyright 2022-2025 Advanced Micro Devices, Inc. All Rights Reserved.
---------------------------------------------------------------------------------------------------------------------------------------------
| Tool Version : Vivado v.2024.2.2 (win64) Build 6060944 Thu Mar 06 19:10:01 MST 2025
| Date         : Fri Apr 24 07:28:47 2026
| Host         : HOANGTUAN running 64-bit major release  (build 9200)
| Command      : upgrade_ip
| Device       : xc7z020clg400-1
---------------------------------------------------------------------------------------------------------------------------------------------

Upgrade Log for IP 'YK71_Tracker_AXI_0'

1. Summary
----------

SUCCESS in the upgrade of YK71_Tracker_AXI_0 (xilinx.com:user:YK71_Tracker_AXI:1.0) from (Rev. 6) to (Rev. 8)






Copyright 1986-2022 Xilinx, Inc. All Rights Reserved. Copyright 2022-2025 Advanced Micro Devices, Inc. All Rights Reserved.
---------------------------------------------------------------------------------------------------------------------------------------------
| Tool Version : Vivado v.2024.2.2 (win64) Build 6060944 Thu Mar 06 19:10:01 MST 2025
| Date         : Fri Apr 24 07:28:46 2026
| Host         : HOANGTUAN running 64-bit major release  (build 9200)
| Command      : upgrade_ip
| Device       : xc7z020clg400-1
---------------------------------------------------------------------------------------------------------------------------------------------

Upgrade Log for IP 'DB_YK71_Tracker_AXI_0_0'

1. Summary
----------

SUCCESS in the upgrade of DB_YK71_Tracker_AXI_0_0 (xilinx.com:user:YK71_Tracker_AXI:1.0) from (Rev. 6) to (Rev. 8)






Copyright 1986-2022 Xilinx, Inc. All Rights Reserved. Copyright 2022-2025 Advanced Micro Devices, Inc. All Rights Reserved.
---------------------------------------------------------------------------------------------------------------------------------------------
| Tool Version : Vivado v.2024.2.2 (win64) Build 6060944 Thu Mar 06 19:10:01 MST 2025
| Date         : Fri Apr 24 07:18:49 2026
| Host         : HOANGTUAN running 64-bit major release  (build 9200)
| Command      : upgrade_ip
| Device       : xc7z020clg400-1
---------------------------------------------------------------------------------------------------------------------------------------------

Upgrade Log for IP 'DB_YK71_Tracker_AXI_0_0'

1. Summary
----------

SUCCESS in the upgrade of DB_YK71_Tracker_AXI_0_0 (xilinx.com:user:YK71_Tracker_AXI:1.0) from (Rev. 5) to (Rev. 6)






Copyright 1986-2022 Xilinx, Inc. All Rights Reserved. Copyright 2022-2025 Advanced Micro Devices, Inc. All Rights Reserved.
---------------------------------------------------------------------------------------------------------------------------------------------
| Tool Version : Vivado v.2024.2.2 (win64) Build 6060944 Thu Mar 06 19:10:01 MST 2025
| Date         : Fri Apr 24 07:18:27 2026
| Host         : HOANGTUAN running 64-bit major release  (build 9200)
| Command      : upgrade_ip
| Device       : xc7z020clg400-1
---------------------------------------------------------------------------------------------------------------------------------------------

Upgrade Log for IP 'YK71_Tracker_AXI_0'

1. Summary
----------

SUCCESS in the upgrade of YK71_Tracker_AXI_0 (xilinx.com:user:YK71_Tracker_AXI:1.0) from (Rev. 5) to (Rev. 6)






Copyright 1986-2022 Xilinx, Inc. All Rights Reserved. Copyright 2022-2025 Advanced Micro Devices, Inc. All Rights Reserved.
---------------------------------------------------------------------------------------------------------------------------------------------
| Tool Version : Vivado v.2024.2.2 (win64) Build 6060944 Thu Mar 06 19:10:01 MST 2025
| Date         : Fri Apr 24 01:07:04 2026
| Host         : HOANGTUAN running 64-bit major release  (build 9200)
| Command      : upgrade_ip
| Device       : xc7z020clg400-1
---------------------------------------------------------------------------------------------------------------------------------------------

Upgrade Log for IP 'YK71_Tracker_AXI_0'

1. Summary
----------

SUCCESS in the upgrade of YK71_Tracker_AXI_0 (xilinx.com:user:YK71_Tracker_AXI:1.0) from (Rev. 4) to (Rev. 5)






Copyright 1986-2022 Xilinx, Inc. All Rights Reserved. Copyright 2022-2025 Advanced Micro Devices, Inc. All Rights Reserved.
---------------------------------------------------------------------------------------------------------------------------------------------
| Tool Version : Vivado v.2024.2.2 (win64) Build 6060944 Thu Mar 06 19:10:01 MST 2025
| Date         : Fri Apr 24 01:07:03 2026
| Host         : HOANGTUAN running 64-bit major release  (build 9200)
| Command      : upgrade_ip
| Device       : xc7z020clg400-1
---------------------------------------------------------------------------------------------------------------------------------------------

Upgrade Log for IP 'DB_YK71_Tracker_AXI_0_0'

1. Summary
----------

SUCCESS in the upgrade of DB_YK71_Tracker_AXI_0_0 (xilinx.com:user:YK71_Tracker_AXI:1.0) from (Rev. 4) to (Rev. 5)






Copyright 1986-2022 Xilinx, Inc. All Rights Reserved. Copyright 2022-2025 Advanced Micro Devices, Inc. All Rights Reserved.
---------------------------------------------------------------------------------------------------------------------------------------------
| Tool Version : Vivado v.2024.2.2 (win64) Build 6060944 Thu Mar 06 19:10:01 MST 2025
| Date         : Thu Apr 23 23:44:18 2026
| Host         : HOANGTUAN running 64-bit major release  (build 9200)
| Command      : upgrade_ip
| Device       : xc7z020clg400-1
---------------------------------------------------------------------------------------------------------------------------------------------

Upgrade Log for IP 'YK71_Tracker_AXI_0'

1. Summary
----------

SUCCESS in the upgrade of YK71_Tracker_AXI_0 (xilinx.com:user:YK71_Tracker_AXI:1.0) from (Rev. 2) to (Rev. 4)






Copyright 1986-2022 Xilinx, Inc. All Rights Reserved. Copyright 2022-2025 Advanced Micro Devices, Inc. All Rights Reserved.
---------------------------------------------------------------------------------------------------------------------------------------------
| Tool Version : Vivado v.2024.2.2 (win64) Build 6060944 Thu Mar 06 19:10:01 MST 2025
| Date         : Tue Apr 21 10:37:27 2026
| Host         : HOANGTUAN running 64-bit major release  (build 9200)
| Command      : upgrade_ip
| Device       : xc7z020clg400-1
---------------------------------------------------------------------------------------------------------------------------------------------

Upgrade Log for IP 'PULSE_IP_0'

1. Summary
----------

SUCCESS in the upgrade of PULSE_IP_0 (xilinx.com:user:PULSE_IP:1.0) from (Rev. 4) to (Rev. 5)






Copyright 1986-2022 Xilinx, Inc. All Rights Reserved. Copyright 2022-2025 Advanced Micro Devices, Inc. All Rights Reserved.
---------------------------------------------------------------------------------------------------------------------------------------------
| Tool Version : Vivado v.2024.2.2 (win64) Build 6060944 Thu Mar 06 19:10:01 MST 2025
| Date         : Tue Apr 21 10:37:27 2026
| Host         : HOANGTUAN running 64-bit major release  (build 9200)
| Command      : upgrade_ip
| Device       : xc7z020clg400-1
---------------------------------------------------------------------------------------------------------------------------------------------

Upgrade Log for IP 'DB_PULSE_IP_0_2'

1. Summary
----------

SUCCESS in the upgrade of DB_PULSE_IP_0_2 (xilinx.com:user:PULSE_IP:1.0) from (Rev. 4) to (Rev. 5)






Copyright 1986-2022 Xilinx, Inc. All Rights Reserved. Copyright 2022-2025 Advanced Micro Devices, Inc. All Rights Reserved.
---------------------------------------------------------------------------------------------------------------------------------------------
| Tool Version : Vivado v.2024.2.2 (win64) Build 6060944 Thu Mar 06 19:10:01 MST 2025
| Date         : Tue Apr 21 10:26:10 2026
| Host         : HOANGTUAN running 64-bit major release  (build 9200)
| Command      : upgrade_ip
| Device       : xc7z020clg400-1
---------------------------------------------------------------------------------------------------------------------------------------------

Upgrade Log for IP 'PULSE_IP_0'

1. Summary
----------

SUCCESS in the upgrade of PULSE_IP_0 (xilinx.com:user:PULSE_IP:1.0) from (Rev. 3) to (Rev. 4)






Copyright 1986-2022 Xilinx, Inc. All Rights Reserved. Copyright 2022-2025 Advanced Micro Devices, Inc. All Rights Reserved.
---------------------------------------------------------------------------------------------------------------------------------------------
| Tool Version : Vivado v.2024.2.2 (win64) Build 6060944 Thu Mar 06 19:10:01 MST 2025
| Date         : Tue Apr 21 10:26:09 2026
| Host         : HOANGTUAN running 64-bit major release  (build 9200)
| Command      : upgrade_ip
| Device       : xc7z020clg400-1
---------------------------------------------------------------------------------------------------------------------------------------------

Upgrade Log for IP 'DB_PULSE_IP_0_2'

1. Summary
----------

SUCCESS in the upgrade of DB_PULSE_IP_0_2 (xilinx.com:user:PULSE_IP:1.0) from (Rev. 3) to (Rev. 4)






Copyright 1986-2022 Xilinx, Inc. All Rights Reserved. Copyright 2022-2025 Advanced Micro Devices, Inc. All Rights Reserved.
---------------------------------------------------------------------------------------------------------------------------------------------
| Tool Version : Vivado v.2024.2.2 (win64) Build 6060944 Thu Mar 06 19:10:01 MST 2025
| Date         : Tue Apr 21 10:19:20 2026
| Host         : HOANGTUAN running 64-bit major release  (build 9200)
| Command      : upgrade_ip
| Device       : xc7z020clg400-1
---------------------------------------------------------------------------------------------------------------------------------------------

Upgrade Log for IP 'PULSE_IP_0'

1. Summary
----------

SUCCESS in the update of PULSE_IP_0 (xilinx.com:user:PULSE_IP:1.0 (Rev. 3)) to current project options.






Copyright 1986-2022 Xilinx, Inc. All Rights Reserved. Copyright 2022-2025 Advanced Micro Devices, Inc. All Rights Reserved.
---------------------------------------------------------------------------------------------------------------------------------------------
| Tool Version : Vivado v.2024.2.2 (win64) Build 6060944 Thu Mar 06 19:10:01 MST 2025
| Date         : Tue Apr 21 10:19:19 2026
| Host         : HOANGTUAN running 64-bit major release  (build 9200)
| Command      : upgrade_ip
| Device       : xc7z020clg400-1
---------------------------------------------------------------------------------------------------------------------------------------------

Upgrade Log for IP 'DB_PULSE_IP_0_2'

1. Summary
----------

SUCCESS in the update of DB_PULSE_IP_0_2 (xilinx.com:user:PULSE_IP:1.0 (Rev. 3)) to current project options.






Copyright 1986-2022 Xilinx, Inc. All Rights Reserved. Copyright 2022-2025 Advanced Micro Devices, Inc. All Rights Reserved.
---------------------------------------------------------------------------------------------------------------------------------------------
| Tool Version : Vivado v.2024.2.2 (win64) Build 6060944 Thu Mar 06 19:10:01 MST 2025
| Date         : Tue Apr 21 10:11:06 2026
| Host         : HOANGTUAN running 64-bit major release  (build 9200)
| Command      : upgrade_ip
| Device       : xc7z020clg400-1
---------------------------------------------------------------------------------------------------------------------------------------------

Upgrade Log for IP 'DB_PULSE_IP_0_2'

1. Summary
----------

SUCCESS in the update of DB_PULSE_IP_0_2 (xilinx.com:user:PULSE_IP:1.0 (Rev. 3)) to current project options.

